Script started on 2023-02-28 01:03:38-05:00
bash-4.4$ pwd
/mnt/scratch/shivansh23sp
bash-4.4$ id -u shivansh23sp
1061
bash-4.4$ groups
shivansh23sp
bash-4.4$ cd temp
bash: cd: temp: Permission denied
bash-4.4$ ls temp
bash-4.4$ le -l tempp[K
bash: le: command not found
bash-4.4$ ls -l tepm[K[Kmp
total 0
bash-4.4$ rm temp3
rm: cannot remove 'temp3': Is a directory
bash-4.4$ mv tepm2[K[K[Kmp2 temp3
mv: cannot stat 'temp2': No such file or directory
bash-4.4$ mkdir temp2
bash-4.4$ mv temp2 temp3
bash-4.4$ head /proc/meminfo
MemTotal:       73080640 kB
MemFree:         8409856 kB
MemAvailable:   19900096 kB
Buffers:          476544 kB
Cached:         15406784 kB
SwapCached:       105280 kB
Active:         12707008 kB
Inactive:        3958208 kB
Active(anon):    2694400 kB
Inactive(anon):  1749696 kB
bash-4.4$ head /proc/cpuinfo
processor	: 0
cpu		: POWER8 (architected), altivec supported
clock		: 3525.000000MHz
revision	: 2.1 (pvr 004b 0201)

processor	: 1
cpu		: POWER8 (architected), altivec supported
clock		: 3525.000000MHz
revision	: 2.1 (pvr 004b 0201)

bash-4.4$ head /proc/meminfo.
head: cannot open '/proc/meminfo.' for reading: No such file or directory
bash-4.4$ head /proc/meminfo
MemTotal:       73080640 kB
MemFree:         8414208 kB
MemAvailable:   19904512 kB
Buffers:          476736 kB
Cached:         15406848 kB
SwapCached:       105280 kB
Active:         12707008 kB
Inactive:        3959168 kB
Active(anon):    2694400 kB
Inactive(anon):  1750592 kB
bash-4.4$ lscpu
Architecture:        ppc64le
Byte Order:          Little Endian
CPU(s):              256
On-line CPU(s) list: 0-255
Thread(s) per core:  8
Core(s) per socket:  10
Socket(s):           3
NUMA node(s):        2
Model:               2.1 (pvr 004b 0201)
Model name:          POWER8 (architected), altivec supported
Hypervisor vendor:   pHyp
Virtualization type: para
L1d cache:           64K
L1i cache:           32K
NUMA node0 CPU(s):   0-71,80-87,96-103,112-119,128-135,144-151,160-167,176-183,192-199,208-215,224-231,240-247
NUMA node1 CPU(s):   72-79,88-95,104-111,120-127,136-143,152-159,168-175,184-191,200-207,216-223,232-239,248-255
bash-4.4$ ls [K[K[Kcd cs131/a1
bash-4.4$ ls
downloaded_hashtags_extend.csv	new.csv
bash-4.4$ df
Filesystem            1K-blocks      Used Available Use% Mounted on
devtmpfs               36503808         0  36503808   0% /dev
tmpfs                  36540288         0  36540288   0% /dev/shm
tmpfs                  36540288   3633600  32906688  10% /run
tmpfs                  36540288         0  36540288   0% /sys/fs/cgroup
/dev/mapper/rhel-root  73364480   6719776  66644704  10% /
/dev/sda2               1038336    265432    772904  26% /boot
/dev/mapper/rhel-home 184434700 183726864    707836 100% /home
tmpfs                   7308032         0   7308032   0% /run/user/1036
/dev/sdb1             969315740 330563480 589443948  36% /mnt/scratch
tmpfs                   7308032         0   7308032   0% /run/user/1017
tmpfs                   7308032         0   7308032   0% /run/user/1024
tmpfs                   7308032         0   7308032   0% /run/user/1006
tmpfs                   7308032         0   7308032   0% /run/user/1018
tmpfs                   7308032         0   7308032   0% /run/user/1027
tmpfs                   7308032         0   7308032   0% /run/user/0
tmpfs                   7308032         0   7308032   0% /run/user/1001
tmpfs                   7308032         0   7308032   0% /run/user/1025
tmpfs                   7308032         0   7308032   0% /run/user/1038
tmpfs                   7308032         0   7308032   0% /run/user/1004
tmpfs                   7308032         0   7308032   0% /run/user/1030
tmpfs                   7308032         0   7308032   0% /run/user/1022
tmpfs                   7308032         0   7308032   0% /run/user/1026
tmpfs                   7308032         0   7308032   0% /run/user/1009
tmpfs                   7308032         0   7308032   0% /run/user/1033
tmpfs                   7308032         0   7308032   0% /run/user/1043
tmpfs                   7308032         0   7308032   0% /run/user/1062
tmpfs                   7308032         0   7308032   0% /run/user/1057
tmpfs                   7308032         0   7308032   0% /run/user/1058
tmpfs                   7308032         0   7308032   0% /run/user/1053
tmpfs                   7308032         0   7308032   0% /run/user/1067
tmpfs                   7308032         0   7308032   0% /run/user/1051
tmpfs                   7308032         0   7308032   0% /run/user/1060
tmpfs                   7308032         0   7308032   0% /run/user/1065
tmpfs                   7308032         0   7308032   0% /run/user/1068
tmpfs                   7308032         0   7308032   0% /run/user/1061
tmpfs                   7308032         0   7308032   0% /run/user/1044
bash-4.4$ ls -l
total 7684
-rw-r--r-- 1 shivansh23sp shivansh23sp 7822180 Feb 27 19:58 downloaded_hashtags_extend.csv
-rw-rw-r-- 1 shivansh23sp shivansh23sp   41776 Feb 27 20:58 new.csv
bash-4.4$ wc -l downloaded_hashtags_extend.csv
110350 downloaded_hashtags_extend.csv
bash-4.4$ grep -i great downloaded_hashtags_extend.csv | wc -l
57
bash-4.4$ file -bi downloaded_hashtags_extend.csv
text/plain; charset=utf-8
bash-4.4$ iconv -f UTF-8 -t ASCII new[K[K[K-o newset.csv
^C
bash-4.4$ ls
downloaded_hashtags_extend.csv	new.csv
bash-4.4$ tail -n+2 downloaded_hashtags_extend.csv | sort -u -t, -k1n,1 | wc -l
176
bash-4.4$ tail -n+2 downloaded_hashtags_extend.csv | sort -u -t, -k4n,4 | wc -l
64697
bash-4.4$ tail -n+2 downloaded_hashtags_extend.csv | sort -u -t, -k2,2  | wc -l
20258
bash-4.4$ history > cmds.log
bash-4.4$ ls
cmds.log  downloaded_hashtags_extend.csv  new.csv
bash-4.4$ rm cmds.log[K[K[K[K[K[K[K[K[K[K[Kmv cmds.log > ./[K[K[K[K[K ./
mv: 'cmds.log' and './cmds.log' are the same file
bash-4.4$ mv cmds.log a1
bash-4.4$ ls
a1  downloaded_hashtags_extend.csv  new.csv
bash-4.4$ rm a1
bash-4.4$ ls
downloaded_hashtags_extend.csv	new.csv
bash-4.4$ histroy[K[K[K[K[K[K[Kls[K[Kcd -
/mnt/scratch/shivansh23sp
bash-4.4$ ;s[K[Kls
a1.txt				   cmds.log  index.html.1  numbers2.txt  pr2.txt    pr.txt     sprods.txt  temp3  ws4.txt
amazon_reviews_us_Books_v1_02.tsv  cs131     index.html.2  numbers.txt	 prods.txt  README.md  temp	   test
bash-4.4$ cd cs131
bash-4.4$ ls
a1  a1.txt  ws1  ws2  ws3  ws4
bash-4.4$ cd a1
bash-4.4$ ls
downloaded_hashtags_extend.csv	new.csv
bash-4.4$ cd -
/mnt/scratch/shivansh23sp/cs131
bash-4.4$ ls
a1  a1.txt  ws1  ws2  ws3  ws4
bash-4.4$ cat a1.txt
Script started on 2023-02-27 16:00:22-05:00
bash-4.4$ cd -
/mnt/scratch/shivansh23sp
bash-4.4$ ls
amazon_reviews_us_Books_v1_02.tsv  c.log    cs131	  index.html.2	numbers.txt  prods.txt	README.md   w4.txt
c.lo				   cms.log  index.html.1  numbers2.txt	pr2.txt      pr.txt	sprods.txt
bash-4.4$ pwd
/mnt/scratch/shivansh23sp
bash-4.4$ cat etc/passwd
cat: etc/passwd: No such file or directory
bash-4.4$ cat /etc/passwd
root:x:0:0:root:/root:/bin/bash
bin:x:1:1:bin:/bin:/sbin/nologin
daemon:x:2:2:daemon:/sbin:/sbin/nologin
adm:x:3:4:adm:/var/adm:/sbin/nologin
lp:x:4:7:lp:/var/spool/lpd:/sbin/nologin
sync:x:5:0:sync:/sbin:/bin/sync
shutdown:x:6:0:shutdown:/sbin:/sbin/shutdown
halt:x:7:0:halt:/sbin:/sbin/halt
mail:x:8:12:mail:/var/spool/mail:/sbin/nologin
operator:x:11:0:operator:/root:/sbin/nologin
games:x:12:100:games:/usr/games:/sbin/nologin
ftp:x:14:50:FTP User:/var/ftp:/sbin/nologin
nobody:x:65534:65534:Kernel Overflow User:/:/sbin/nologin
dbus:x:81:81:System message bus:/:/sbin/nologin
systemd-coredump:x:999:997:systemd Core Dumper:/:/sbin/nologin
systemd-resolve:x:193:193:systemd Resolver:/:/sbin/nologin
tss:x:59:59:Account used for TPM access:/dev/null:/sbin/nologin
polkitd:x:998:996:User for polkitd:/:/sbin/nologin
clevis:x:997:992:Clevis Decryption Framework unprivileged user:/var/cache/clevis:/sbin/nologin
unbound:x:996:991:Unbound DNS resolver:/etc/unbound:/sbin/nologin
libstoragemgmt:x:995:990:daemon account for libstoragemgmt:/var/run/lsm:/sbin/nologin
setroubleshoot:x:994:989::/var/lib/setroubleshoot:/sbin/nologin
cockpit-ws:x:993:988:User for cockpit web service:/nonexisting:/sbin/nologin
cockpit-wsinstance:x:992:987:User for cockpit-ws instances:/nonexisting:/sbin/nologin
sssd:x:991:986:User for sssd:/:/sbin/nologin
chrony:x:990:985::/var/lib/chrony:/sbin/nologin
sshd:x:74:74:Privilege-separated SSH:/var/empty/sshd:/sbin/nologin
tcpdump:x:72:72::/:/sbin/nologin
cloud-user:x:1000:1000:Cloud User:/home/cloud-user:/bin/bash
test:x:1001:1001::/home/test:/bin/bash
benjamin:x:1002:1002::/home/benjamin:/bin/bash
rishabh:x:1003:1003::/home/rishabh:/bin/bash
bryant:x:1004:1004::/home/bryant:/bin/bash
shivam:x:1005:1005::/home/shivam:/bin/bash
jose:x:1006:1006::/home/jose:/bin/bash
sohan:x:1007:1007::/home/sohan:/bin/bash
uyen:x:1008:1008::/home/uyen:/bin/bash
ananya:x:1009:1009::/home/ananya:/bin/bash
ahmad:x:1010:1010::/home/ahmad:/bin/bash
amirali:x:1011:1011::/home/amirali:/bin/bash
chloe:x:1012:1012::/home/chloe:/bin/bash
shubhu:x:1013:1013::/home/shubhu:/bin/bash
siddharth:x:1014:1014::/home/siddharth:/bin/bash
jessie:x:1015:1015::/home/jessie:/bin/bash
shota:x:1016:1016::/home/shota:/bin/bash
shamika:x:1017:1017::/home/shamika:/bin/bash
julissa:x:1018:1018::/home/julissa:/bin/bash
jerry:x:1019:1019::/home/jerry:/bin/bash
elvir:x:1020:1020::/home/elvir:/bin/bash
eric:x:1021:1021::/home/eric:/bin/bash
guoman:x:1022:1022::/home/guoman:/bin/bash
karan:x:1023:1023::/home/karan:/bin/bash
kevin:x:1024:1024::/home/kevin:/bin/bash
hannele:x:1025:1025::/home/hannele:/bin/bash
harrison:x:1026:1026::/home/harrison:/bin/bash
huy:x:1027:1027::/home/huy:/bin/bash
hyeyeon:x:1028:1028::/home/hyeyeon:/bin/bash
jeremiah:x:1029:1029::/home/jeremiah:/bin/bash
mohit:x:1030:1030::/home/mohit:/bin/bash
obeda:x:1031:1031::/home/obeda:/bin/bash
reagan:x:1032:1032::/home/reagan:/bin/bash
luc:x:1033:1033::/home/luc:/bin/bash
khang:x:1034:1034::/home/khang:/bin/bash
fei:x:1035:1035::/home/fei:/bin/bash
vivian:x:1036:1036::/home/vivian:/bin/bash
test2:x:1037:1037::/home/test2:/bin/bash
allen:x:1038:1038::/home/allen:/bin/bash
gaby:x:1039:1040::/home/gaby:/bin/bash
brian:x:1040:1041::/home/brian:/bin/bash
abhi:x:1041:1043::/home/abhi:/bin/bash
sai23sp:x:1042:1044::/mnt/scratch/sai23sp:/bin/bash
austin23sp:x:1043:1045::/mnt/scratch/austin23sp:/bin/bash
sarthak23sp:x:1044:1046::/mnt/scratch/sarthak23sp:/bin/bash
peter23sp:x:1045:1047::/mnt/scratch/peter23sp:/bin/bash
dhru23sp:x:1046:1048::/mnt/scratch/dhru23sp:/bin/bash
chih-kuo23sp:x:1047:1049::/mnt/scratch/chih-kbash-4.4$ ls
a1  a1.txt  ws1  ws2  ws3  ws4
bash-4.4$ rm a1.txt
bash-4.4$ ls
a1  ws1  ws2  ws3  ws4
bash-4.4$ ls[K[Kcd a1
bash-4.4$ history > cmds.log
bash-4.4$ ls
cmds.log  downloaded_hashtags_extend.csv  new.csv
bash-4.4$ cd ~
bash-4.4$ ls
a1.txt				   cmds.log  index.html.1  numbers2.txt  pr2.txt    pr.txt     sprods.txt  temp3  ws4.txt
amazon_reviews_us_Books_v1_02.tsv  cs131     index.html.2  numbers.txt	 prods.txt  README.md  temp	   test
bash-4.4$ cat a1.txt[K[K[K[K[K[K[K[K[K[Kvi a1.txt
[?2004h[?1049h[22;0;0t[?1h=[?2004h[1;45r[?12h[?12l[27m[23m[29m[m[H[2J[?25l[45;1H"a1.txt" [noeol] 191L, 8192C[1;1HScript started on 2023-02-28 01:03:38-05:00
bash-4.4$ pwd[34m^M[m
/mnt/scratch/shivansh23sp[34m^M[m
bash-4.4$ id -u shivansh23sp[34m^M[m
1061[34m^M[m
bash-4.4$ groups[34m^M[m
shivansh23sp[34m^M[m
bash-4.4$ cd temp[34m^M[m
bash: cd: temp: Permission denied[34m^M[m
bash-4.4$ ls temp[34m^M[m
bash-4.4$ le -l tempp[34m^H^[[m[K[34m^M[m
bash: le: command not found[34m^M[m
bash-4.4$ ls -l tepm[34m^H^[[m[K[34m^H^[[m[Kmp[34m^M[m
total 0[34m^M[m
bash-4.4$ rm temp3[34m^M[m
rm: cannot remove 'temp3': Is a directory[34m^M[m
bash-4.4$ mv tepm2[34m^H^[[m[K[34m^H^[[m[K[34m^H^[[m[Kmp2 temp3[34m^M[m
mv: cannot stat 'temp2': No such file or directory[34m^M[m
bash-4.4$ mkdir temp2[34m^M[m
bash-4.4$ mv temp2 temp3[34m^M[m
bash-4.4$ head /proc/meminfo[34m^M[m
MemTotal:[7C73080640 kB[34m^M[m
MemFree:[9C8409856 kB[34m^M[m
MemAvailable:   19900096 kB[34m^M[m
Buffers:[10C476544 kB[34m^M[m
Cached:[9C15406784 kB[34m^M[m
SwapCached:[7C105280 kB[34m^M[m
Active:[9C12707008 kB[34m^M[m
Inactive:[8C3958208 kB[34m^M[m
Active(anon):    2694400 kB[34m^M[m
Inactive(anon):  1749696 kB[34m^M[m
bash-4.4$ head /proc/cpuinfo[34m^M[m
processor[7C: 0[34m^M[m
cpu[13C: POWER8 (architected), altivec supported[34m^M[m
clock[11C: 3525.000000MHz[34m^M[m
revision[8C: 2.1 (pvr 004b 0201)[34m^M
^M[m
processor[7C: 1[34m^M[m
cpu[13C: POWER8 (architected), altivec supported[34m^M[m
clock[11C: 3525.000000MHz[34m^M[m
revision[8C: 2.1 (pvr 004b 0201)[34m^M
^M[m
bash-4.4$ head /proc/meminfo.[34m^M[m
head: cannot open '/proc/meminfo.' for reading: No such file or directory[34m^M[1;1H[?25h[27m[23m[29m[m[H[2J[?25l[1;1HScript started on 2023-02-28 01:03:38-05:00
bash-4.4$ pwd[34m^M[m
/mnt/scratch/shivansh23sp[34m^M[m
bash-4.4$ id -u shivansh23sp[34m^M[m
1061[34m^M[m
bash-4.4$ groups[34m^M[m
shivansh23sp[34m^M[m
bash-4.4$ cd temp[34m^M[m
bash: cd: temp: Permission denied[34m^M[m
bash-4.4$ ls temp[34m^M[m
bash-4.4$ le -l tempp[34m^H^[[m[K[34m^M[m
bash: le: command not found[34m^M[m
bash-4.4$ ls -l tepm[34m^H^[[m[K[34m^H^[[m[Kmp[34m^M[m
total 0[34m^M[m
bash-4.4$ rm temp3[34m^M[m
rm: cannot remove 'temp3': Is a directory[34m^M[m
bash-4.4$ mv tepm2[34m^H^[[m[K[34m^H^[[m[K[34m^H^[[m[Kmp2 temp3[34m^M[m
mv: cannot stat 'temp2': No such file or directory[34m^M[m
bash-4.4$ mkdir temp2[34m^M[m
bash-4.4$ mv temp2 temp3[34m^M[m
bash-4.4$ head /proc/meminfo[34m^M[m
MemTotal:[7C73080640 kB[34m^M[m
MemFree:[9C8409856 kB[34m^M[m
MemAvailable:   19900096 kB[34m^M[m
Buffers:[10C476544 kB[34m^M[m
Cached:[9C15406784 kB[34m^M[m
SwapCached:[7C105280 kB[34m^M[m
Active:[9C12707008 kB[34m^M[m
Inactive:[8C3958208 kB[34m^M[m
Active(anon):    2694400 kB[34m^M[m
Inactive(anon):  1749696 kB[34m^M[m
bash-4.4$ head /proc/cpuinfo[34m^M[m
processor[7C: 0[34m^M[m
cpu[13C: POWER8 (architected), altivec supported[34m^M[m
clock[11C: 3525.000000MHz[34m^M[m
revision[8C: 2.1 (pvr 004b 0201)[34m^M
^M[m
processor[7C: 1[34m^M[m
cpu[13C: POWER8 (architected), altivec supported[34m^M[m
clock[11C: 3525.000000MHz[34m^M[m
revision[8C: 2.1 (pvr 004b 0201)[34m^M
^M[m
bash-4.4$ head /proc/meminfo.[34m^M[m
head: cannot open '/proc/meminfo.' for reading: No such file or directory[34m^M[m
bash-4.4$ head /proc/meminfo[34m^M[1;1H[?25h[27m[23m[29m[m[H[2J[?25l[1;1HScript started on 2023-02-28 01:03:38-05:00
bash-4.4$ pwd[34m^M[m
/mnt/scratch/shivansh23sp[34m^M[m
bash-4.4$ id -u shivansh23sp[34m^M[m
1061[34m^M[m
bash-4.4$ groups[34m^M[m
shivansh23sp[34m^M[m
bash-4.4$ cd temp[34m^M[m
bash: cd: temp: Permission denied[34m^M[m
bash-4.4$ ls temp[34m^M[m
bash-4.4$ le -l tempp[34m^H^[[m[K[34m^M[m
bash: le: command not found[34m^M[m
bash-4.4$ ls -l tepm[34m^H^[[m[K[34m^H^[[m[Kmp[34m^M[m
total 0[34m^M[m
bash-4.4$ rm temp3[34m^M[m
rm: cannot remove 'temp3': Is a directory[34m^M[m
bash-4.4$ mv tepm2[34m^H^[[m[K[34m^H^[[m[K[34m^H^[[m[Kmp2 temp3[34m^M[m
mv: cannot stat 'temp2': No such file or directory[34m^M[m
bash-4.4$ mkdir temp2[34m^M[m
bash-4.4$ mv temp2 temp3[34m^M[m
bash-4.4$ head /proc/meminfo[34m^M[m
MemTotal:[7C73080640 kB[34m^M[m
MemFree:[9C8409856 kB[34m^M[m
MemAvailable:   19900096 kB[34m^M[m
Buffers:[10C476544 kB[34m^M[m
Cached:[9C15406784 kB[34m^M[m
SwapCached:[7C105280 kB[34m^M[m
Active:[9C12707008 kB[34m^M[m
Inactive:[8C3958208 kB[34m^M[m
Active(anon):    2694400 kB[34m^M[m
Inactive(anon):  1749696 kB[34m^M[m
bash-4.4$ head /proc/cpuinfo[34m^M[m
processor[7C: 0[34m^M[m
cpu[13C: POWER8 (architected), altivec supported[34m^M[m
clock[11C: 3525.000000MHz[34m^M[m
revision[8C: 2.1 (pvr 004b 0201)[34m^M
^M[m
processor[7C: 1[34m^M[m
cpu[13C: POWER8 (architected), altivec supported[34m^M[m
clock[11C: 3525.000000MHz[34m^M[m
revision[8C: 2.1 (pvr 004b 0201)[34m^M
^M[m
bash-4.4$ head /proc/meminfo.[34m^M[m
head: cannot open '/proc/meminfo.' for reading: No such file or directory[34m^M[m
bash-4.4$ head /proc/meminfo[34m^M[m
MemTotal:[7C73080640 kB[34m^M[1;1H[?25h[27m[23m[29m[m[H[2J[?25l[1;1HScript started on 2023-02-28 01:03:38-05:00
bash-4.4$ pwd[34m^M[m
/mnt/scratch/shivansh23sp[34m^M[m
bash-4.4$ id -u shivansh23sp[34m^M[m
1061[34m^M[m
bash-4.4$ groups[34m^M[m
shivansh23sp[34m^M[m
bash-4.4$ cd temp[34m^M[m
bash: cd: temp: Permission denied[34m^M[m
bash-4.4$ ls temp[34m^M[m
bash-4.4$ le -l tempp[34m^H^[[m[K[34m^M[m
bash: le: command not found[34m^M[m
bash-4.4$ ls -l tepm[34m^H^[[m[K[34m^H^[[m[Kmp[34m^M[m
total 0[34m^M[m
bash-4.4$ rm temp3[34m^M[m
rm: cannot remove 'temp3': Is a directory[34m^M[m
bash-4.4$ mv tepm2[34m^H^[[m[K[34m^H^[[m[K[34m^H^[[m[Kmp2 temp3[34m^M[m
mv: cannot stat 'temp2': No such file or directory[34m^M[m
bash-4.4$ mkdir temp2[34m^M[m
bash-4.4$ mv temp2 temp3[34m^M[m
bash-4.4$ head /proc/meminfo[34m^M[m
MemTotal:[7C73080640 kB[34m^M[m
MemFree:[9C8409856 kB[34m^M[m
MemAvailable:   19900096 kB[34m^M[m
Buffers:[10C476544 kB[34m^M[m
Cached:[9C15406784 kB[34m^M[m
SwapCached:[7C105280 kB[34m^M[m
Active:[9C12707008 kB[34m^M[m
Inactive:[8C3958208 kB[34m^M[m
Active(anon):    2694400 kB[34m^M[m
Inactive(anon):  1749696 kB[34m^M[m
bash-4.4$ head /proc/cpuinfo[34m^M[m
processor[7C: 0[34m^M[m
cpu[13C: POWER8 (architected), altivec supported[34m^M[m
clock[11C: 3525.000000MHz[34m^M[m
revision[8C: 2.1 (pvr 004b 0201)[34m^M
^M[m
processor[7C: 1[34m^M[m
cpu[13C: POWER8 (architected), altivec supported[34m^M[m
clock[11C: 3525.000000MHz[34m^M[m
revision[8C: 2.1 (pvr 004b 0201)[34m^M
^M[m
bash-4.4$ head /proc/meminfo.[34m^M[m
head: cannot open '/proc/meminfo.' for reading: No such file or directory[34m^M[m
bash-4.4$ head /proc/meminfo[34m^M[m
MemTotal:[7C73080640 kB[34m^M[1;1H[?25h[27m[23m[29m[m[H[2J[?25l[1;1HScript started on 2023-02-28 01:03:38-05:00
bash-4.4$ pwd[34m^M[m
/mnt/scratch/shivansh23sp[34m^M[m
bash-4.4$ id -u shivansh23sp[34m^M[m
1061[34m^M[m
bash-4.4$ groups[34m^M[m
shivansh23sp[34m^M[m
bash-4.4$ cd temp[34m^M[m
bash: cd: temp: Permission denied[34m^M[m
bash-4.4$ ls temp[34m^M[m
bash-4.4$ le -l tempp[34m^H^[[m[K[34m^M[m
bash: le: command not found[34m^M[m
bash-4.4$ ls -l tepm[34m^H^[[m[K[34m^H^[[m[Kmp[34m^M[m
total 0[34m^M[m
bash-4.4$ rm temp3[34m^M[m
rm: cannot remove 'temp3': Is a directory[34m^M[m
bash-4.4$ mv tepm2[34m^H^[[m[K[34m^H^[[m[K[34m^H^[[m[Kmp2 temp3[34m^M[m
mv: cannot stat 'temp2': No such file or directory[34m^M[m
bash-4.4$ mkdir temp2[34m^M[m
bash-4.4$ mv temp2 temp3[34m^M[m
bash-4.4$ head /proc/meminfo[34m^M[m
MemTotal:[7C73080640 kB[34m^M[m
MemFree:[9C8409856 kB[34m^M[m
MemAvailable:   19900096 kB[34m^M[m
Buffers:[10C476544 kB[34m^M[m
Cached:[9C15406784 kB[34m^M[m
SwapCached:[7C105280 kB[34m^M[m
Active:[9C12707008 kB[34m^M[m
Inactive:[8C3958208 kB[34m^M[m
Active(anon):    2694400 kB[34m^M[m
Inactive(anon):  1749696 kB[34m^M[m
bash-4.4$ head /proc/cpuinfo[34m^M[m
processor[7C: 0[34m^M[m
cpu[13C: POWER8 (architected), altivec supported[34m^M[m
clock[11C: 3525.000000MHz[34m^M[m
revision[8C: 2.1 (pvr 004b 0201)[34m^M
^M[m
processor[7C: 1[34m^M[m
cpu[13C: POWER8 (architected), altivec supported[34m^M[m
clock[11C: 3525.000000MHz[34m^M[m
revision[8C: 2.1 (pvr 004b 0201)[34m^M
^M[m
bash-4.4$ head /proc/meminfo.[34m^M[m
head: cannot open '/proc/meminfo.' for reading: No such file or directory[34m^M[m
bash-4.4$ head /proc/meminfo[34m^M[m
MemTotal:[7C73080640 kB[34m^M[m
MemFree:[9C8414208 kB[34m^M[1;1H[?25h[27m[23m[29m[m[H[2J[?25l[1;1HScript started on 2023-02-28 01:03:38-05:00
bash-4.4$ pwd[34m^M[m
/mnt/scratch/shivansh23sp[34m^M[m
bash-4.4$ id -u shivansh23sp[34m^M[m
1061[34m^M[m
bash-4.4$ groups[34m^M[m
shivansh23sp[34m^M[m
bash-4.4$ cd temp[34m^M[m
bash: cd: temp: Permission denied[34m^M[m
bash-4.4$ ls temp[34m^M[m
bash-4.4$ le -l tempp[34m^H^[[m[K[34m^M[m
bash: le: command not found[34m^M[m
bash-4.4$ ls -l tepm[34m^H^[[m[K[34m^H^[[m[Kmp[34m^M[m
total 0[34m^M[m
bash-4.4$ rm temp3[34m^M[m
rm: cannot remove 'temp3': Is a directory[34m^M[m
bash-4.4$ mv tepm2[34m^H^[[m[K[34m^H^[[m[K[34m^H^[[m[Kmp2 temp3[34m^M[m
mv: cannot stat 'temp2': No such file or directory[34m^M[m
bash-4.4$ mkdir temp2[34m^M[m
bash-4.4$ mv temp2 temp3[34m^M[m
bash-4.4$ head /proc/meminfo[34m^M[m
MemTotal:[7C73080640 kB[34m^M[m
MemFree:[9C8409856 kB[34m^M[m
MemAvailable:   19900096 kB[34m^M[m
Buffers:[10C476544 kB[34m^M[m
Cached:[9C15406784 kB[34m^M[m
SwapCached:[7C105280 kB[34m^M[m
Active:[9C12707008 kB[34m^M[m
Inactive:[8C3958208 kB[34m^M[m
Active(anon):    2694400 kB[34m^M[m
Inactive(anon):  1749696 kB[34m^M[m
bash-4.4$ head /proc/cpuinfo[34m^M[m
processor[7C: 0[34m^M[m
cpu[13C: POWER8 (architected), altivec supported[34m^M[m
clock[11C: 3525.000000MHz[34m^M[m
revision[8C: 2.1 (pvr 004b 0201)[34m^M
^M[m
processor[7C: 1[34m^M[m
cpu[13C: POWER8 (architected), altivec supported[34m^M[m
clock[11C: 3525.000000MHz[34m^M[m
revision[8C: 2.1 (pvr 004b 0201)[34m^M
^M[m
bash-4.4$ head /proc/meminfo.[34m^M[m
head: cannot open '/proc/meminfo.' for reading: No such file or directory[34m^M[m
bash-4.4$ head /proc/meminfo[34m^M[m
MemTotal:[7C73080640 kB[34m^M[m
MemFree:[9C8414208 kB[34m^M[m
MemAvailable:   19904512 kB[34m^M[1;1H[?25h[27m[23m[29m[m[H[2J[?25l[1;1HScript started on 2023-02-28 01:03:38-05:00
bash-4.4$ pwd[34m^M[m
/mnt/scratch/shivansh23sp[34m^M[m
bash-4.4$ id -u shivansh23sp[34m^M[m
1061[34m^M[m
bash-4.4$ groups[34m^M[m
shivansh23sp[34m^M[m
bash-4.4$ cd temp[34m^M[m
bash: cd: temp: Permission denied[34m^M[m
bash-4.4$ ls temp[34m^M[m
bash-4.4$ le -l tempp[34m^H^[[m[K[34m^M[m
bash: le: command not found[34m^M[m
bash-4.4$ ls -l tepm[34m^H^[[m[K[34m^H^[[m[Kmp[34m^M[m
total 0[34m^M[m
bash-4.4$ rm temp3[34m^M[m
rm: cannot remove 'temp3': Is a directory[34m^M[m
bash-4.4$ mv tepm2[34m^H^[[m[K[34m^H^[[m[K[34m^H^[[m[Kmp2 temp3[34m^M[m
mv: cannot stat 'temp2': No such file or directory[34m^M[m
bash-4.4$ mkdir temp2[34m^M[m
bash-4.4$ mv temp2 temp3[34m^M[m
bash-4.4$ head /proc/meminfo[34m^M[m
MemTotal:[7C73080640 kB[34m^M[m
MemFree:[9C8409856 kB[34m^M[m
MemAvailable:   19900096 kB[34m^M[m
Buffers:[10C476544 kB[34m^M[m
Cached:[9C15406784 kB[34m^M[m
SwapCached:[7C105280 kB[34m^M[m
Active:[9C12707008 kB[34m^M[m
Inactive:[8C3958208 kB[34m^M[m
Active(anon):    2694400 kB[34m^M[m
Inactive(anon):  1749696 kB[34m^M[m
bash-4.4$ head /proc/cpuinfo[34m^M[m
processor[7C: 0[34m^M[m
cpu[13C: POWER8 (architected), altivec supported[34m^M[m
clock[11C: 3525.000000MHz[34m^M[m
revision[8C: 2.1 (pvr 004b 0201)[34m^M
^M[m
processor[7C: 1[34m^M[m
cpu[13C: POWER8 (architected), altivec supported[34m^M[m
clock[11C: 3525.000000MHz[34m^M[m
revision[8C: 2.1 (pvr 004b 0201)[34m^M
^M[m
bash-4.4$ head /proc/meminfo.[34m^M[m
head: cannot open '/proc/meminfo.' for reading: No such file or directory[34m^M[m
bash-4.4$ head /proc/meminfo[34m^M[m
MemTotal:[7C73080640 kB[34m^M[m
MemFree:[9C8414208 kB[34m^M[m
MemAvailable:   19904512 kB[34m^M[m
Buffers:[10C476736 kB[34m^M[m
Cached:[9C15406848 kB[34m^M[1;1H[?25h[27m[23m[29m[m[H[2J[?25l[1;1HScript started on 2023-02-28 01:03:38-05:00
bash-4.4$ pwd[34m^M[m
/mnt/scratch/shivansh23sp[34m^M[m
bash-4.4$ id -u shivansh23sp[34m^M[m
1061[34m^M[m
bash-4.4$ groups[34m^M[m
shivansh23sp[34m^M[m
bash-4.4$ cd temp[34m^M[m
bash: cd: temp: Permission denied[34m^M[m
bash-4.4$ ls temp[34m^M[m
bash-4.4$ le -l tempp[34m^H^[[m[K[34m^M[m
bash: le: command not found[34m^M[m
bash-4.4$ ls -l tepm[34m^H^[[m[K[34m^H^[[m[Kmp[34m^M[m
total 0[34m^M[m
bash-4.4$ rm temp3[34m^M[m
rm: cannot remove 'temp3': Is a directory[34m^M[m
bash-4.4$ mv tepm2[34m^H^[[m[K[34m^H^[[m[K[34m^H^[[m[Kmp2 temp3[34m^M[m
mv: cannot stat 'temp2': No such file or directory[34m^M[m
bash-4.4$ mkdir temp2[34m^M[m
bash-4.4$ mv temp2 temp3[34m^M[m
bash-4.4$ head /proc/meminfo[34m^M[m
MemTotal:[7C73080640 kB[34m^M[m
MemFree:[9C8409856 kB[34m^M[m
MemAvailable:   19900096 kB[34m^M[m
Buffers:[10C476544 kB[34m^M[m
Cached:[9C15406784 kB[34m^M[m
SwapCached:[7C105280 kB[34m^M[m
Active:[9C12707008 kB[34m^M[m
Inactive:[8C3958208 kB[34m^M[m
Active(anon):    2694400 kB[34m^M[m
Inactive(anon):  1749696 kB[34m^M[m
bash-4.4$ head /proc/cpuinfo[34m^M[m
processor[7C: 0[34m^M[m
cpu[13C: POWER8 (architected), altivec supported[34m^M[m
clock[11C: 3525.000000MHz[34m^M[m
revision[8C: 2.1 (pvr 004b 0201)[34m^M
^M[m
processor[7C: 1[34m^M[m
cpu[13C: POWER8 (architected), altivec supported[34m^M[m
clock[11C: 3525.000000MHz[34m^M[m
revision[8C: 2.1 (pvr 004b 0201)[34m^M
^M[m
bash-4.4$ head /proc/meminfo.[34m^M[m
head: cannot open '/proc/meminfo.' for reading: No such file or directory[34m^M[m
bash-4.4$ head /proc/meminfo[34m^M[m
MemTotal:[7C73080640 kB[34m^M[m
MemFree:[9C8414208 kB[34m^M[m
MemAvailable:   19904512 kB[34m^M[m
Buffers:[10C476736 kB[34m^M[m
Cached:[9C15406848 kB[34m^M[1;1H[?25h[27m[23m[29m[m[H[2J[?25l[1;1HScript started on 2023-02-28 01:03:38-05:00
bash-4.4$ pwd[34m^M[m
/mnt/scratch/shivansh23sp[34m^M[m
bash-4.4$ id -u shivansh23sp[34m^M[m
1061[34m^M[m
bash-4.4$ groups[34m^M[m
shivansh23sp[34m^M[m
bash-4.4$ cd temp[34m^M[m
bash: cd: temp: Permission denied[34m^M[m
bash-4.4$ ls temp[34m^M[m
bash-4.4$ le -l tempp[34m^H^[[m[K[34m^M[m
bash: le: command not found[34m^M[m
bash-4.4$ ls -l tepm[34m^H^[[m[K[34m^H^[[m[Kmp[34m^M[m
total 0[34m^M[m
bash-4.4$ rm temp3[34m^M[m
rm: cannot remove 'temp3': Is a directory[34m^M[m
bash-4.4$ mv tepm2[34m^H^[[m[K[34m^H^[[m[K[34m^H^[[m[Kmp2 temp3[34m^M[m
mv: cannot stat 'temp2': No such file or directory[34m^M[m
bash-4.4$ mkdir temp2[34m^M[m
bash-4.4$ mv temp2 temp3[34m^M[m
bash-4.4$ head /proc/meminfo[34m^M[m
MemTotal:[7C73080640 kB[34m^M[m
MemFree:[9C8409856 kB[34m^M[m
MemAvailable:   19900096 kB[34m^M[m
Buffers:[10C476544 kB[34m^M[m
Cached:[9C15406784 kB[34m^M[m
SwapCached:[7C105280 kB[34m^M[m
Active:[9C12707008 kB[34m^M[m
Inactive:[8C3958208 kB[34m^M[m
Active(anon):    2694400 kB[34m^M[m
Inactive(anon):  1749696 kB[34m^M[m
bash-4.4$ head /proc/cpuinfo[34m^M[m
processor[7C: 0[34m^M[m
cpu[13C: POWER8 (architected), altivec supported[34m^M[m
clock[11C: 3525.000000MHz[34m^M[m
revision[8C: 2.1 (pvr 004b 0201)[34m^M
^M[m
processor[7C: 1[34m^M[m
cpu[13C: POWER8 (architected), altivec supported[34m^M[m
clock[11C: 3525.000000MHz[34m^M[m
revision[8C: 2.1 (pvr 004b 0201)[34m^M
^M[m
bash-4.4$ head /proc/meminfo.[34m^M[m
head: cannot open '/proc/meminfo.' for reading: No such file or directory[34m^M[m
bash-4.4$ head /proc/meminfo[34m^M[m
MemTotal:[7C73080640 kB[34m^M[m
MemFree:[9C8414208 kB[34m^M[m
MemAvailable:   19904512 kB[34m^M[m
Buffers:[10C476736 kB[34m^M[m
Cached:[9C15406848 kB[34m^M[m
SwapCached:[7C105280 kB[34m^M[1;1H[?25h[27m[23m[29m[m[H[2J[?25l[1;1HScript started on 2023-02-28 01:03:38-05:00
bash-4.4$ pwd[34m^M[m
/mnt/scratch/shivansh23sp[34m^M[m
bash-4.4$ id -u shivansh23sp[34m^M[m
1061[34m^M[m
bash-4.4$ groups[34m^M[m
shivansh23sp[34m^M[m
bash-4.4$ cd temp[34m^M[m
bash: cd: temp: Permission denied[34m^M[m
bash-4.4$ ls temp[34m^M[m
bash-4.4$ le -l tempp[34m^H^[[m[K[34m^M[m
bash: le: command not found[34m^M[m
bash-4.4$ ls -l tepm[34m^H^[[m[K[34m^H^[[m[Kmp[34m^M[m
total 0[34m^M[m
bash-4.4$ rm temp3[34m^M[m
rm: cannot remove 'temp3': Is a directory[34m^M[m
bash-4.4$ mv tepm2[34m^H^[[m[K[34m^H^[[m[K[34m^H^[[m[Kmp2 temp3[34m^M[m
mv: cannot stat 'temp2': No such file or directory[34m^M[m
bash-4.4$ mkdir temp2[34m^M[m
bash-4.4$ mv temp2 temp3[34m^M[m
bash-4.4$ head /proc/meminfo[34m^M[m
MemTotal:[7C73080640 kB[34m^M[m
MemFree:[9C8409856 kB[34m^M[m
MemAvailable:   19900096 kB[34m^M[m
Buffers:[10C476544 kB[34m^M[m
Cached:[9C15406784 kB[34m^M[m
SwapCached:[7C105280 kB[34m^M[m
Active:[9C12707008 kB[34m^M[m
Inactive:[8C3958208 kB[34m^M[m
Active(anon):    2694400 kB[34m^M[m
Inactive(anon):  1749696 kB[34m^M[m
bash-4.4$ head /proc/cpuinfo[34m^M[m
processor[7C: 0[34m^M[m
cpu[13C: POWER8 (architected), altivec supported[34m^M[m
clock[11C: 3525.000000MHz[34m^M[m
revision[8C: 2.1 (pvr 004b 0201)[34m^M
^M[m
processor[7C: 1[34m^M[m
cpu[13C: POWER8 (architected), altivec supported[34m^M[m
clock[11C: 3525.000000MHz[34m^M[m
revision[8C: 2.1 (pvr 004b 0201)[34m^M
^M[m
bash-4.4$ head /proc/meminfo.[34m^M[m
head: cannot open '/proc/meminfo.' for reading: No such file or directory[34m^M[m
bash-4.4$ head /proc/meminfo[34m^M[m
MemTotal:[7C73080640 kB[34m^M[m
MemFree:[9C8414208 kB[34m^M[m
MemAvailable:   19904512 kB[34m^M[m
Buffers:[10C476736 kB[34m^M[m
Cached:[9C15406848 kB[34m^M[m
SwapCached:[7C105280 kB[34m^M[m
Active:[9C12707008 kB[34m^M[1;1H[?25h[27m[23m[29m[m[H[2J[?25l[1;1HScript started on 2023-02-28 01:03:38-05:00
bash-4.4$ pwd[34m^M[m
/mnt/scratch/shivansh23sp[34m^M[m
bash-4.4$ id -u shivansh23sp[34m^M[m
1061[34m^M[m
bash-4.4$ groups[34m^M[m
shivansh23sp[34m^M[m
bash-4.4$ cd temp[34m^M[m
bash: cd: temp: Permission denied[34m^M[m
bash-4.4$ ls temp[34m^M[m
bash-4.4$ le -l tempp[34m^H^[[m[K[34m^M[m
bash: le: command not found[34m^M[m
bash-4.4$ ls -l tepm[34m^H^[[m[K[34m^H^[[m[Kmp[34m^M[m
total 0[34m^M[m
bash-4.4$ rm temp3[34m^M[m
rm: cannot remove 'temp3': Is a directory[34m^M[m
bash-4.4$ mv tepm2[34m^H^[[m[K[34m^H^[[m[K[34m^H^[[m[Kmp2 temp3[34m^M[m
mv: cannot stat 'temp2': No such file or directory[34m^M[m
bash-4.4$ mkdir temp2[34m^M[m
bash-4.4$ mv temp2 temp3[34m^M[m
bash-4.4$ head /proc/meminfo[34m^M[m
MemTotal:[7C73080640 kB[34m^M[m
MemFree:[9C8409856 kB[34m^M[m
MemAvailable:   19900096 kB[34m^M[m
Buffers:[10C476544 kB[34m^M[m
Cached:[9C15406784 kB[34m^M[m
SwapCached:[7C105280 kB[34m^M[m
Active:[9C12707008 kB[34m^M[m
Inactive:[8C3958208 kB[34m^M[m
Active(anon):    2694400 kB[34m^M[m
Inactive(anon):  1749696 kB[34m^M[m
bash-4.4$ head /proc/cpuinfo[34m^M[m
processor[7C: 0[34m^M[m
cpu[13C: POWER8 (architected), altivec supported[34m^M[m
clock[11C: 3525.000000MHz[34m^M[m
revision[8C: 2.1 (pvr 004b 0201)[34m^M
^M[m
processor[7C: 1[34m^M[m
cpu[13C: POWER8 (architected), altivec supported[34m^M[m
clock[11C: 3525.000000MHz[34m^M[m
revision[8C: 2.1 (pvr 004b 0201)[34m^M
^M[m
bash-4.4$ head /proc/meminfo.[34m^M[m
head: cannot open '/proc/meminfo.' for reading: No such file or directory[34m^M[m
bash-4.4$ head /proc/meminfo[34m^M[m
MemTotal:[7C73080640 kB[34m^M[m
MemFree:[9C8414208 kB[34m^M[m
MemAvailable:   19904512 kB[34m^M[m
Buffers:[10C476736 kB[34m^M[m
Cached:[9C15406848 kB[34m^M[m
SwapCached:[7C105280 kB[34m^M[m
Active:[9C12707008 kB[34m^M[1;1H[?25h[27m[23m[29m[m[H[2J[?25l[1;1HScript started on 2023-02-28 01:03:38-05:00
bash-4.4$ pwd[34m^M[m
/mnt/scratch/shivansh23sp[34m^M[m
bash-4.4$ id -u shivansh23sp[34m^M[m
1061[34m^M[m
bash-4.4$ groups[34m^M[m
shivansh23sp[34m^M[m
bash-4.4$ cd temp[34m^M[m
bash: cd: temp: Permission denied[34m^M[m
bash-4.4$ ls temp[34m^M[m
bash-4.4$ le -l tempp[34m^H^[[m[K[34m^M[m
bash: le: command not found[34m^M[m
bash-4.4$ ls -l tepm[34m^H^[[m[K[34m^H^[[m[Kmp[34m^M[m
total 0[34m^M[m
bash-4.4$ rm temp3[34m^M[m
rm: cannot remove 'temp3': Is a directory[34m^M[m
bash-4.4$ mv tepm2[34m^H^[[m[K[34m^H^[[m[K[34m^H^[[m[Kmp2 temp3[34m^M[m
mv: cannot stat 'temp2': No such file or directory[34m^M[m
bash-4.4$ mkdir temp2[34m^M[m
bash-4.4$ mv temp2 temp3[34m^M[m
bash-4.4$ head /proc/meminfo[34m^M[m
MemTotal:[7C73080640 kB[34m^M[m
MemFree:[9C8409856 kB[34m^M[m
MemAvailable:   19900096 kB[34m^M[m
Buffers:[10C476544 kB[34m^M[m
Cached:[9C15406784 kB[34m^M[m
SwapCached:[7C105280 kB[34m^M[m
Active:[9C12707008 kB[34m^M[m
Inactive:[8C3958208 kB[34m^M[m
Active(anon):    2694400 kB[34m^M[m
Inactive(anon):  1749696 kB[34m^M[m
bash-4.4$ head /proc/cpuinfo[34m^M[m
processor[7C: 0[34m^M[m
cpu[13C: POWER8 (architected), altivec supported[34m^M[m
clock[11C: 3525.000000MHz[34m^M[m
revision[8C: 2.1 (pvr 004b 0201)[34m^M
^M[m
processor[7C: 1[34m^M[m
cpu[13C: POWER8 (architected), altivec supported[34m^M[m
clock[11C: 3525.000000MHz[34m^M[m
revision[8C: 2.1 (pvr 004b 0201)[34m^M
^M[m
bash-4.4$ head /proc/meminfo.[34m^M[m
head: cannot open '/proc/meminfo.' for reading: No such file or directory[34m^M[m
bash-4.4$ head /proc/meminfo[34m^M[m
MemTotal:[7C73080640 kB[34m^M[m
MemFree:[9C8414208 kB[34m^M[m
MemAvailable:   19904512 kB[34m^M[m
Buffers:[10C476736 kB[34m^M[m
Cached:[9C15406848 kB[34m^M[m
SwapCached:[7C105280 kB[34m^M[m
Active:[9C12707008 kB[34m^M[m
Inactive:[8C3959168 kB[34m^M[1;1H[?25h[27m[23m[29m[m[H[2J[?25l[1;1HScript started on 2023-02-28 01:03:38-05:00
bash-4.4$ pwd[34m^M[m
/mnt/scratch/shivansh23sp[34m^M[m
bash-4.4$ id -u shivansh23sp[34m^M[m
1061[34m^M[m
bash-4.4$ groups[34m^M[m
shivansh23sp[34m^M[m
bash-4.4$ cd temp[34m^M[m
bash: cd: temp: Permission denied[34m^M[m
bash-4.4$ ls temp[34m^M[m
bash-4.4$ le -l tempp[34m^H^[[m[K[34m^M[m
bash: le: command not found[34m^M[m
bash-4.4$ ls -l tepm[34m^H^[[m[K[34m^H^[[m[Kmp[34m^M[m
total 0[34m^M[m
bash-4.4$ rm temp3[34m^M[m
rm: cannot remove 'temp3': Is a directory[34m^M[m
bash-4.4$ mv tepm2[34m^H^[[m[K[34m^H^[[m[K[34m^H^[[m[Kmp2 temp3[34m^M[m
mv: cannot stat 'temp2': No such file or directory[34m^M[m
bash-4.4$ mkdir temp2[34m^M[m
bash-4.4$ mv temp2 temp3[34m^M[m
bash-4.4$ head /proc/meminfo[34m^M[m
MemTotal:[7C73080640 kB[34m^M[m
MemFree:[9C8409856 kB[34m^M[m
MemAvailable:   19900096 kB[34m^M[m
Buffers:[10C476544 kB[34m^M[m
Cached:[9C15406784 kB[34m^M[m
SwapCached:[7C105280 kB[34m^M[m
Active:[9C12707008 kB[34m^M[m
Inactive:[8C3958208 kB[34m^M[m
Active(anon):    2694400 kB[34m^M[m
Inactive(anon):  1749696 kB[34m^M[m
bash-4.4$ head /proc/cpuinfo[34m^M[m
processor[7C: 0[34m^M[m
cpu[13C: POWER8 (architected), altivec supported[34m^M[m
clock[11C: 3525.000000MHz[34m^M[m
revision[8C: 2.1 (pvr 004b 0201)[34m^M
^M[m
processor[7C: 1[34m^M[m
cpu[13C: POWER8 (architected), altivec supported[34m^M[m
clock[11C: 3525.000000MHz[34m^M[m
revision[8C: 2.1 (pvr 004b 0201)[34m^M
^M[m
bash-4.4$ head /proc/meminfo.[34m^M[m
head: cannot open '/proc/meminfo.' for reading: No such file or directory[34m^M[m
bash-4.4$ head /proc/meminfo[34m^M[m
MemTotal:[7C73080640 kB[34m^M[m
MemFree:[9C8414208 kB[34m^M[m
MemAvailable:   19904512 kB[34m^M[m
Buffers:[10C476736 kB[34m^M[m
Cached:[9C15406848 kB[34m^M[m
SwapCached:[7C105280 kB[34m^M[m
Active:[9C12707008 kB[34m^M[m
Inactive:[8C3959168 kB[34m^M[1;1H[?25h[27m[23m[29m[m[H[2J[?25l[1;1HScript started on 2023-02-28 01:03:38-05:00
bash-4.4$ pwd[34m^M[m
/mnt/scratch/shivansh23sp[34m^M[m
bash-4.4$ id -u shivansh23sp[34m^M[m
1061[34m^M[m
bash-4.4$ groups[34m^M[m
shivansh23sp[34m^M[m
bash-4.4$ cd temp[34m^M[m
bash: cd: temp: Permission denied[34m^M[m
bash-4.4$ ls temp[34m^M[m
bash-4.4$ le -l tempp[34m^H^[[m[K[34m^M[m
bash: le: command not found[34m^M[m
bash-4.4$ ls -l tepm[34m^H^[[m[K[34m^H^[[m[Kmp[34m^M[m
total 0[34m^M[m
bash-4.4$ rm temp3[34m^M[m
rm: cannot remove 'temp3': Is a directory[34m^M[m
bash-4.4$ mv tepm2[34m^H^[[m[K[34m^H^[[m[K[34m^H^[[m[Kmp2 temp3[34m^M[m
mv: cannot stat 'temp2': No such file or directory[34m^M[m
bash-4.4$ mkdir temp2[34m^M[m
bash-4.4$ mv temp2 temp3[34m^M[m
bash-4.4$ head /proc/meminfo[34m^M[m
MemTotal:[7C73080640 kB[34m^M[m
MemFree:[9C8409856 kB[34m^M[m
MemAvailable:   19900096 kB[34m^M[m
Buffers:[10C476544 kB[34m^M[m
Cached:[9C15406784 kB[34m^M[m
SwapCached:[7C105280 kB[34m^M[m
Active:[9C12707008 kB[34m^M[m
Inactive:[8C3958208 kB[34m^M[m
Active(anon):    2694400 kB[34m^M[m
Inactive(anon):  1749696 kB[34m^M[m
bash-4.4$ head /proc/cpuinfo[34m^M[m
processor[7C: 0[34m^M[m
cpu[13C: POWER8 (architected), altivec supported[34m^M[m
clock[11C: 3525.000000MHz[34m^M[m
revision[8C: 2.1 (pvr 004b 0201)[34m^M
^M[m
processor[7C: 1[34m^M[m
cpu[13C: POWER8 (architected), altivec supported[34m^M[m
clock[11C: 3525.000000MHz[34m^M[m
revision[8C: 2.1 (pvr 004b 0201)[34m^M
^M[m
bash-4.4$ head /proc/meminfo.[34m^M[m
head: cannot open '/proc/meminfo.' for reading: No such file or directory[34m^M[m
bash-4.4$ head /proc/meminfo[34m^M[m
MemTotal:[7C73080640 kB[34m^M[m
MemFree:[9C8414208 kB[34m^M[m
MemAvailable:   19904512 kB[34m^M[m
Buffers:[10C476736 kB[34m^M[m
Cached:[9C15406848 kB[34m^M[m
SwapCached:[7C105280 kB[34m^M[m
Active:[9C12707008 kB[34m^M[m
Inactive:[8C3959168 kB[34m^M[m
Active(anon):    2694400 kB[34m^M[1;1H[?25h[27m[23m[29m[m[H[2J[?25l[1;1HScript started on 2023-02-28 01:03:38-05:00
bash-4.4$ pwd[34m^M[m
/mnt/scratch/shivansh23sp[34m^M[m
bash-4.4$ id -u shivansh23sp[34m^M[m
1061[34m^M[m
bash-4.4$ groups[34m^M[m
shivansh23sp[34m^M[m
bash-4.4$ cd temp[34m^M[m
bash: cd: temp: Permission denied[34m^M[m
bash-4.4$ ls temp[34m^M[m
bash-4.4$ le -l tempp[34m^H^[[m[K[34m^M[m
bash: le: command not found[34m^M[m
bash-4.4$ ls -l tepm[34m^H^[[m[K[34m^H^[[m[Kmp[34m^M[m
total 0[34m^M[m
bash-4.4$ rm temp3[34m^M[m
rm: cannot remove 'temp3': Is a directory[34m^M[m
bash-4.4$ mv tepm2[34m^H^[[m[K[34m^H^[[m[K[34m^H^[[m[Kmp2 temp3[34m^M[m
mv: cannot stat 'temp2': No such file or directory[34m^M[m
bash-4.4$ mkdir temp2[34m^M[m
bash-4.4$ mv temp2 temp3[34m^M[m
bash-4.4$ head /proc/meminfo[34m^M[m
MemTotal:[7C73080640 kB[34m^M[m
MemFree:[9C8409856 kB[34m^M[m
MemAvailable:   19900096 kB[34m^M[m
Buffers:[10C476544 kB[34m^M[m
Cached:[9C15406784 kB[34m^M[m
SwapCached:[7C105280 kB[34m^M[m
Active:[9C12707008 kB[34m^M[m
Inactive:[8C3958208 kB[34m^M[m
Active(anon):    2694400 kB[34m^M[m
Inactive(anon):  1749696 kB[34m^M[m
bash-4.4$ head /proc/cpuinfo[34m^M[m
processor[7C: 0[34m^M[m
cpu[13C: POWER8 (architected), altivec supported[34m^M[m
clock[11C: 3525.000000MHz[34m^M[m
revision[8C: 2.1 (pvr 004b 0201)[34m^M
^M[m
processor[7C: 1[34m^M[m
cpu[13C: POWER8 (architected), altivec supported[34m^M[m
clock[11C: 3525.000000MHz[34m^M[m
revision[8C: 2.1 (pvr 004b 0201)[34m^M
^M[m
bash-4.4$ head /proc/meminfo.[34m^M[m
head: cannot open '/proc/meminfo.' for reading: No such file or directory[34m^M[m
bash-4.4$ head /proc/meminfo[34m^M[m
MemTotal:[7C73080640 kB[34m^M[m
MemFree:[9C8414208 kB[34m^M[m
MemAvailable:   19904512 kB[34m^M[m
Buffers:[10C476736 kB[34m^M[m
Cached:[9C15406848 kB[34m^M[m
SwapCached:[7C105280 kB[34m^M[m
Active:[9C12707008 kB[34m^M[m
Inactive:[8C3959168 kB[34m^M[m
Active(anon):    2694400 kB[34m^M[m
Inactive(anon):  1750592 kB[34m^M[1;1H[?25h[27m[23m[29m[m[H[2J[?25l[1;1HScript started on 2023-02-28 01:03:38-05:00
bash-4.4$ pwd[34m^M[m
/mnt/scratch/shivansh23sp[34m^M[m
bash-4.4$ id -u shivansh23sp[34m^M[m
1061[34m^M[m
bash-4.4$ groups[34m^M[m
shivansh23sp[34m^M[m
bash-4.4$ cd temp[34m^M[m
bash: cd: temp: Permission denied[34m^M[m
bash-4.4$ ls temp[34m^M[m
bash-4.4$ le -l tempp[34m^H^[[m[K[34m^M[m
bash: le: command not found[34m^M[m
bash-4.4$ ls -l tepm[34m^H^[[m[K[34m^H^[[m[Kmp[34m^M[m
total 0[34m^M[m
bash-4.4$ rm temp3[34m^M[m
rm: cannot remove 'temp3': Is a directory[34m^M[m
bash-4.4$ mv tepm2[34m^H^[[m[K[34m^H^[[m[K[34m^H^[[m[Kmp2 temp3[34m^M[m
mv: cannot stat 'temp2': No such file or directory[34m^M[m
bash-4.4$ mkdir temp2[34m^M[m
bash-4.4$ mv temp2 temp3[34m^M[m
bash-4.4$ head /proc/meminfo[34m^M[m
MemTotal:[7C73080640 kB[34m^M[m
MemFree:[9C8409856 kB[34m^M[m
MemAvailable:   19900096 kB[34m^M[m
Buffers:[10C476544 kB[34m^M[m
Cached:[9C15406784 kB[34m^M[m
SwapCached:[7C105280 kB[34m^M[m
Active:[9C12707008 kB[34m^M[m
Inactive:[8C3958208 kB[34m^M[m
Active(anon):    2694400 kB[34m^M[m
Inactive(anon):  1749696 kB[34m^M[m
bash-4.4$ head /proc/cpuinfo[34m^M[m
processor[7C: 0[34m^M[m
cpu[13C: POWER8 (architected), altivec supported[34m^M[m
clock[11C: 3525.000000MHz[34m^M[m
revision[8C: 2.1 (pvr 004b 0201)[34m^M
^M[m
processor[7C: 1[34m^M[m
cpu[13C: POWER8 (architected), altivec supported[34m^M[m
clock[11C: 3525.000000MHz[34m^M[m
revision[8C: 2.1 (pvr 004b 0201)[34m^M
^M[m
bash-4.4$ head /proc/meminfo.[34m^M[m
head: cannot open '/proc/meminfo.' for reading: No such file or directory[34m^M[m
bash-4.4$ head /proc/meminfo[34m^M[m
MemTotal:[7C73080640 kB[34m^M[m
MemFree:[9C8414208 kB[34m^M[m
MemAvailable:   19904512 kB[34m^M[m
Buffers:[10C476736 kB[34m^M[m
Cached:[9C15406848 kB[34m^M[m
SwapCached:[7C105280 kB[34m^M[m
Active:[9C12707008 kB[34m^M[m
Inactive:[8C3959168 kB[34m^M[m
Active(anon):    2694400 kB[34m^M[m
Inactive(anon):  1750592 kB[34m^M[1;1H[?25h[27m[23m[29m[m[H[2J[?25l[1;1HScript started on 2023-02-28 01:03:38-05:00
bash-4.4$ pwd[34m^M[m
/mnt/scratch/shivansh23sp[34m^M[m
bash-4.4$ id -u shivansh23sp[34m^M[m
1061[34m^M[m
bash-4.4$ groups[34m^M[m
shivansh23sp[34m^M[m
bash-4.4$ cd temp[34m^M[m
bash: cd: temp: Permission denied[34m^M[m
bash-4.4$ ls temp[34m^M[m
bash-4.4$ le -l tempp[34m^H^[[m[K[34m^M[m
bash: le: command not found[34m^M[m
bash-4.4$ ls -l tepm[34m^H^[[m[K[34m^H^[[m[Kmp[34m^M[m
total 0[34m^M[m
bash-4.4$ rm temp3[34m^M[m
rm: cannot remove 'temp3': Is a directory[34m^M[m
bash-4.4$ mv tepm2[34m^H^[[m[K[34m^H^[[m[K[34m^H^[[m[Kmp2 temp3[34m^M[m
mv: cannot stat 'temp2': No such file or directory[34m^M[m
bash-4.4$ mkdir temp2[34m^M[m
bash-4.4$ mv temp2 temp3[34m^M[m
bash-4.4$ head /proc/meminfo[34m^M[m
MemTotal:[7C73080640 kB[34m^M[m
MemFree:[9C8409856 kB[34m^M[m
MemAvailable:   19900096 kB[34m^M[m
Buffers:[10C476544 kB[34m^M[m
Cached:[9C15406784 kB[34m^M[m
SwapCached:[7C105280 kB[34m^M[m
Active:[9C12707008 kB[34m^M[m
Inactive:[8C3958208 kB[34m^M[m
Active(anon):    2694400 kB[34m^M[m
Inactive(anon):  1749696 kB[34m^M[m
bash-4.4$ head /proc/cpuinfo[34m^M[m
processor[7C: 0[34m^M[m
cpu[13C: POWER8 (architected), altivec supported[34m^M[m
clock[11C: 3525.000000MHz[34m^M[m
revision[8C: 2.1 (pvr 004b 0201)[34m^M
^M[m
processor[7C: 1[34m^M[m
cpu[13C: POWER8 (architected), altivec supported[34m^M[m
clock[11C: 3525.000000MHz[34m^M[m
revision[8C: 2.1 (pvr 004b 0201)[34m^M
^M[m
bash-4.4$ head /proc/meminfo.[34m^M[m
head: cannot open '/proc/meminfo.' for reading: No such file or directory[34m^M[m
bash-4.4$ head /proc/meminfo[34m^M[m
MemTotal:[7C73080640 kB[34m^M[m
MemFree:[9C8414208 kB[34m^M[m
MemAvailable:   19904512 kB[34m^M[m
Buffers:[10C476736 kB[34m^M[m
Cached:[9C15406848 kB[34m^M[m
SwapCached:[7C105280 kB[34m^M[m
Active:[9C12707008 kB[34m^M[m
Inactive:[8C3959168 kB[34m^M[m
Active(anon):    2694400 kB[34m^M[m
Inactive(anon):  1750592 kB[34m^M[m
bash-4.4$ lscpu[34m^M[1;1H[?25h[27m[23m[29m[m[H[2J[?25l[1;1HScript started on 2023-02-28 01:03:38-05:00
bash-4.4$ pwd[34m^M[m
/mnt/scratch/shivansh23sp[34m^M[m
bash-4.4$ id -u shivansh23sp[34m^M[m
1061[34m^M[m
bash-4.4$ groups[34m^M[m
shivansh23sp[34m^M[m
bash-4.4$ cd temp[34m^M[m
bash: cd: temp: Permission denied[34m^M[m
bash-4.4$ ls temp[34m^M[m
bash-4.4$ le -l tempp[34m^H^[[m[K[34m^M[m
bash: le: command not found[34m^M[m
bash-4.4$ ls -l tepm[34m^H^[[m[K[34m^H^[[m[Kmp[34m^M[m
total 0[34m^M[m
bash-4.4$ rm temp3[34m^M[m
rm: cannot remove 'temp3': Is a directory[34m^M[m
bash-4.4$ mv tepm2[34m^H^[[m[K[34m^H^[[m[K[34m^H^[[m[Kmp2 temp3[34m^M[m
mv: cannot stat 'temp2': No such file or directory[34m^M[m
bash-4.4$ mkdir temp2[34m^M[m
bash-4.4$ mv temp2 temp3[34m^M[m
bash-4.4$ head /proc/meminfo[34m^M[m
MemTotal:[7C73080640 kB[34m^M[m
MemFree:[9C8409856 kB[34m^M[m
MemAvailable:   19900096 kB[34m^M[m
Buffers:[10C476544 kB[34m^M[m
Cached:[9C15406784 kB[34m^M[m
SwapCached:[7C105280 kB[34m^M[m
Active:[9C12707008 kB[34m^M[m
Inactive:[8C3958208 kB[34m^M[m
Active(anon):    2694400 kB[34m^M[m
Inactive(anon):  1749696 kB[34m^M[m
bash-4.4$ head /proc/cpuinfo[34m^M[m
processor[7C: 0[34m^M[m
cpu[13C: POWER8 (architected), altivec supported[34m^M[m
clock[11C: 3525.000000MHz[34m^M[m
revision[8C: 2.1 (pvr 004b 0201)[34m^M
^M[m
processor[7C: 1[34m^M[m
cpu[13C: POWER8 (architected), altivec supported[34m^M[m
clock[11C: 3525.000000MHz[34m^M[m
revision[8C: 2.1 (pvr 004b 0201)[34m^M
^M[m
bash-4.4$ head /proc/meminfo.[34m^M[m
head: cannot open '/proc/meminfo.' for reading: No such file or directory[34m^M[m
bash-4.4$ head /proc/meminfo[34m^M[m
MemTotal:[7C73080640 kB[34m^M[m
MemFree:[9C8414208 kB[34m^M[m
MemAvailable:   19904512 kB[34m^M[m
Buffers:[10C476736 kB[34m^M[m
Cached:[9C15406848 kB[34m^M[m
SwapCached:[7C105280 kB[34m^M[m
Active:[9C12707008 kB[34m^M[m
Inactive:[8C3959168 kB[34m^M[m
Active(anon):    2694400 kB[34m^M[m
Inactive(anon):  1750592 kB[34m^M[m
bash-4.4$ lscpu[34m^M[1;1H[?25h[27m[23m[29m[m[H[2J[?25l[1;1HScript started on 2023-02-28 01:03:38-05:00
bash-4.4$ pwd[34m^M[m
/mnt/scratch/shivansh23sp[34m^M[m
bash-4.4$ id -u shivansh23sp[34m^M[m
1061[34m^M[m
bash-4.4$ groups[34m^M[m
shivansh23sp[34m^M[m
bash-4.4$ cd temp[34m^M[m
bash: cd: temp: Permission denied[34m^M[m
bash-4.4$ ls temp[34m^M[m
bash-4.4$ le -l tempp[34m^H^[[m[K[34m^M[m
bash: le: command not found[34m^M[m
bash-4.4$ ls -l tepm[34m^H^[[m[K[34m^H^[[m[Kmp[34m^M[m
total 0[34m^M[m
bash-4.4$ rm temp3[34m^M[m
rm: cannot remove 'temp3': Is a directory[34m^M[m
bash-4.4$ mv tepm2[34m^H^[[m[K[34m^H^[[m[K[34m^H^[[m[Kmp2 temp3[34m^M[m
mv: cannot stat 'temp2': No such file or directory[34m^M[m
bash-4.4$ mkdir temp2[34m^M[m
bash-4.4$ mv temp2 temp3[34m^M[m
bash-4.4$ head /proc/meminfo[34m^M[m
MemTotal:[7C73080640 kB[34m^M[m
MemFree:[9C8409856 kB[34m^M[m
MemAvailable:   19900096 kB[34m^M[m
Buffers:[10C476544 kB[34m^M[m
Cached:[9C15406784 kB[34m^M[m
SwapCached:[7C105280 kB[34m^M[m
Active:[9C12707008 kB[34m^M[m
Inactive:[8C3958208 kB[34m^M[m
Active(anon):    2694400 kB[34m^M[m
Inactive(anon):  1749696 kB[34m^M[m
bash-4.4$ head /proc/cpuinfo[34m^M[m
processor[7C: 0[34m^M[m
cpu[13C: POWER8 (architected), altivec supported[34m^M[m
clock[11C: 3525.000000MHz[34m^M[m
revision[8C: 2.1 (pvr 004b 0201)[34m^M
^M[m
processor[7C: 1[34m^M[m
cpu[13C: POWER8 (architected), altivec supported[34m^M[m
clock[11C: 3525.000000MHz[34m^M[m
revision[8C: 2.1 (pvr 004b 0201)[34m^M
^M[m
bash-4.4$ head /proc/meminfo.[34m^M[m
head: cannot open '/proc/meminfo.' for reading: No such file or directory[34m^M[m
bash-4.4$ head /proc/meminfo[34m^M[m
MemTotal:[7C73080640 kB[34m^M[m
MemFree:[9C8414208 kB[34m^M[m
MemAvailable:   19904512 kB[34m^M[m
Buffers:[10C476736 kB[34m^M[m
Cached:[9C15406848 kB[34m^M[m
SwapCached:[7C105280 kB[34m^M[m
Active:[9C12707008 kB[34m^M[m
Inactive:[8C3959168 kB[34m^M[m
Active(anon):    2694400 kB[34m^M[m
Inactive(anon):  1750592 kB[34m^M[m
bash-4.4$ lscpu[34m^M[m
Architecture:[8Cppc64le[34m^M[1;1H[?25h[27m[23m[29m[m[H[2J[?25l[1;1HScript started on 2023-02-28 01:03:38-05:00
bash-4.4$ pwd[34m^M[m
/mnt/scratch/shivansh23sp[34m^M[m
bash-4.4$ id -u shivansh23sp[34m^M[m
1061[34m^M[m
bash-4.4$ groups[34m^M[m
shivansh23sp[34m^M[m
bash-4.4$ cd temp[34m^M[m
bash: cd: temp: Permission denied[34m^M[m
bash-4.4$ ls temp[34m^M[m
bash-4.4$ le -l tempp[34m^H^[[m[K[34m^M[m
bash: le: command not found[34m^M[m
bash-4.4$ ls -l tepm[34m^H^[[m[K[34m^H^[[m[Kmp[34m^M[m
total 0[34m^M[m
bash-4.4$ rm temp3[34m^M[m
rm: cannot remove 'temp3': Is a directory[34m^M[m
bash-4.4$ mv tepm2[34m^H^[[m[K[34m^H^[[m[K[34m^H^[[m[Kmp2 temp3[34m^M[m
mv: cannot stat 'temp2': No such file or directory[34m^M[m
bash-4.4$ mkdir temp2[34m^M[m
bash-4.4$ mv temp2 temp3[34m^M[m
bash-4.4$ head /proc/meminfo[34m^M[m
MemTotal:[7C73080640 kB[34m^M[m
MemFree:[9C8409856 kB[34m^M[m
MemAvailable:   19900096 kB[34m^M[m
Buffers:[10C476544 kB[34m^M[m
Cached:[9C15406784 kB[34m^M[m
SwapCached:[7C105280 kB[34m^M[m
Active:[9C12707008 kB[34m^M[m
Inactive:[8C3958208 kB[34m^M[m
Active(anon):    2694400 kB[34m^M[m
Inactive(anon):  1749696 kB[34m^M[m
bash-4.4$ head /proc/cpuinfo[34m^M[m
processor[7C: 0[34m^M[m
cpu[13C: POWER8 (architected), altivec supported[34m^M[m
clock[11C: 3525.000000MHz[34m^M[m
revision[8C: 2.1 (pvr 004b 0201)[34m^M
^M[m
processor[7C: 1[34m^M[m
cpu[13C: POWER8 (architected), altivec supported[34m^M[m
clock[11C: 3525.000000MHz[34m^M[m
revision[8C: 2.1 (pvr 004b 0201)[34m^M
^M[m
bash-4.4$ head /proc/meminfo.[34m^M[m
head: cannot open '/proc/meminfo.' for reading: No such file or directory[34m^M[m
bash-4.4$ head /proc/meminfo[34m^M[m
MemTotal:[7C73080640 kB[34m^M[m
MemFree:[9C8414208 kB[34m^M[m
MemAvailable:   19904512 kB[34m^M[m
Buffers:[10C476736 kB[34m^M[m
Cached:[9C15406848 kB[34m^M[m
SwapCached:[7C105280 kB[34m^M[m
Active:[9C12707008 kB[34m^M[m
Inactive:[8C3959168 kB[34m^M[m
Active(anon):    2694400 kB[34m^M[m
Inactive(anon):  1750592 kB[34m^M[m
bash-4.4$ lscpu[34m^M[m
Architecture:[8Cppc64le[34m^M[1;1H[?25h[27m[23m[29m[m[H[2J[?25l[1;1HScript started on 2023-02-28 01:03:38-05:00
bash-4.4$ pwd[34m^M[m
/mnt/scratch/shivansh23sp[34m^M[m
bash-4.4$ id -u shivansh23sp[34m^M[m
1061[34m^M[m
bash-4.4$ groups[34m^M[m
shivansh23sp[34m^M[m
bash-4.4$ cd temp[34m^M[m
bash: cd: temp: Permission denied[34m^M[m
bash-4.4$ ls temp[34m^M[m
bash-4.4$ le -l tempp[34m^H^[[m[K[34m^M[m
bash: le: command not found[34m^M[m
bash-4.4$ ls -l tepm[34m^H^[[m[K[34m^H^[[m[Kmp[34m^M[m
total 0[34m^M[m
bash-4.4$ rm temp3[34m^M[m
rm: cannot remove 'temp3': Is a directory[34m^M[m
bash-4.4$ mv tepm2[34m^H^[[m[K[34m^H^[[m[K[34m^H^[[m[Kmp2 temp3[34m^M[m
mv: cannot stat 'temp2': No such file or directory[34m^M[m
bash-4.4$ mkdir temp2[34m^M[m
bash-4.4$ mv temp2 temp3[34m^M[m
bash-4.4$ head /proc/meminfo[34m^M[m
MemTotal:[7C73080640 kB[34m^M[m
MemFree:[9C8409856 kB[34m^M[m
MemAvailable:   19900096 kB[34m^M[m
Buffers:[10C476544 kB[34m^M[m
Cached:[9C15406784 kB[34m^M[m
SwapCached:[7C105280 kB[34m^M[m
Active:[9C12707008 kB[34m^M[m
Inactive:[8C3958208 kB[34m^M[m
Active(anon):    2694400 kB[34m^M[m
Inactive(anon):  1749696 kB[34m^M[m
bash-4.4$ head /proc/cpuinfo[34m^M[m
processor[7C: 0[34m^M[m
cpu[13C: POWER8 (architected), altivec supported[34m^M[m
clock[11C: 3525.000000MHz[34m^M[m
revision[8C: 2.1 (pvr 004b 0201)[34m^M
^M[m
processor[7C: 1[34m^M[m
cpu[13C: POWER8 (architected), altivec supported[34m^M[m
clock[11C: 3525.000000MH